// Jest Snapshot v1, https://goo.gl/fbAQLP

exports[`should render SelectPane component 1`] = `<Search />`;
