// Jest Snapshot v1, https://goo.gl/fbAQLP

exports[`should render FileTab component 1`] = `
<li
  className="file-list-item"
  id="a"
  onClick={[Function]}
>
  index.js
</li>
`;
